--------------------------------------------------------------------------------------
Timing Analyzer Summary
--------------------------------------------------------------------------------------

Type           : Worst-case tsu
Slack          : N/A
Required Time  : None
Actual Time    : 3.715 ns
From           : B_Re[3]
To             : lpm_mult0:inst10|lpm_mult:lpm_mult_component|mult_30p:auto_generated|mac_mult2~OBSERVABLEDATAA_REGOUT3
From Clock     : --
To Clock       : clk
Failed Paths   : 0

Type           : Worst-case tco
Slack          : N/A
Required Time  : None
Actual Time    : 6.817 ns
From           : lpm_add_sub1:inst14|lpm_add_sub:lpm_add_sub_component|add_sub_4dj:auto_generated|pipeline_dffe[0]
To             : O_B_Im[0]
From Clock     : clk
To Clock       : --
Failed Paths   : 0

Type           : Worst-case th
Slack          : N/A
Required Time  : None
Actual Time    : -2.335 ns
From           : A_Im[4]
To             : lpm_dff0:inst5|lpm_ff:lpm_ff_component|dffs[4]
From Clock     : --
To Clock       : clk
Failed Paths   : 0

Type           : Clock Setup: 'clk'
Slack          : N/A
Required Time  : None
Actual Time    : 428.08 MHz ( period = 2.336 ns )
From           : lpm_mult0:inst|lpm_mult:lpm_mult_component|mult_30p:auto_generated|result[4]
To             : lpm_add_sub1:inst8|lpm_add_sub:lpm_add_sub_component|add_sub_4dj:auto_generated|pipeline_dffe[7]
From Clock     : clk
To Clock       : clk
Failed Paths   : 0

Type           : Total number of failed paths
Slack          : 
Required Time  : 
Actual Time    : 
From           : 
To             : 
From Clock     : 
To Clock       : 
Failed Paths   : 0

--------------------------------------------------------------------------------------

